---
source: src/semantics/tests/mod.rs
expression: hir
---
trait Test:
	fn required <:Self> -> None

	fn default <x: Self> -> Self:
		return (x:Self)



fn required <x: Integer> -> None:
	return none

let res: Integer = default 1
println clone (res:Integer)
