---
source: src/semantics/tests/mod.rs
expression: hir
---
fn <x: Integer> plus two -> Integer:
	return sum clone (x:Integer) 2


fn sum <x: Integer> <y: Integer> -> Integer:
	return clone (x:Integer) + clone (y:Integer)

println 2 plus two
