---
source: src/syntax/tests/mod.rs
expression: hir
---
fn foo -> None:
	return println "foo"

foo
