---
source: src/tests/mod.rs
expression: run_log
---
0.0
1.0
Hello World!
