---
source: src/tests/mod.rs
expression: ir
---
; ModuleID = 'main'
source_filename = "src/main.ppl"

%"Type<String>" = type { %String, %Integer }
%String = type { ptr }
%Integer = type { ptr }

@"Type<String>" = private global %"Type<String>" zeroinitializer
@0 = private unnamed_addr constant [7 x i8] c"String\00", align 1
@"$tmp0@43" = global %Integer zeroinitializer

define private void @initialize() !dbg !3 {
  %1 = alloca %"Type<String>", align 8, !dbg !7
  %"Type<String>.name" = getelementptr inbounds %"Type<String>", ptr %1, i32 0, i32 0, !dbg !7
  %2 = call %String @string_from_c_string_and_length(ptr @0, i64 6), !dbg !8
  store %String %2, ptr %"Type<String>.name", align 8, !dbg !8
  %"Type<String>.size" = getelementptr inbounds %"Type<String>", ptr %1, i32 0, i32 1, !dbg !8
  %3 = call %Integer @integer_from_i64(i64 8), !dbg !8
  store %Integer %3, ptr %"Type<String>.size", align 8, !dbg !8
  %4 = load %"Type<String>", ptr %1, align 8, !dbg !8
  store %"Type<String>" %4, ptr @"Type<String>", align 8, !dbg !8
  br label %return, !dbg !8

return:                                           ; preds = %0
  ret void
}

declare %String @string_from_c_string_and_length(ptr, i64)

declare %Integer @integer_from_i64(i64)

define void @main.execute() !dbg !9 {
  call void @initialize(), !dbg !10
  call void @initialize.1(), !dbg !11
  call void @initialize.2(), !dbg !12
  call void @initialize.3(), !dbg !13
  call void @initialize.4(), !dbg !14
  %1 = load %Integer, ptr @"$tmp0@43", align 8, !dbg !13
  call void @destroy_integer(%Integer %1), !dbg !13
  br label %return, !dbg !13

return:                                           ; preds = %0
  ret void
}

define private void @initialize.1() !dbg !15 {
  call void @"do nothing"(), !dbg !16
  br label %return, !dbg !16

return:                                           ; preds = %0
  ret void
}

declare void @"do nothing"()

define private void @initialize.2() !dbg !17 {
  call void @"println <:None>"(), !dbg !18
  br label %return, !dbg !18

return:                                           ; preds = %0
  ret void
}

define private void @"println <:None>"() !dbg !19 {
  %1 = call %String @"String from <:None>"(), !dbg !20
  %"$tmp0@4544" = alloca %String, align 8, !dbg !20
  store %String %1, ptr %"$tmp0@4544", align 8, !dbg !20
  %2 = load %String, ptr %"$tmp0@4544", align 8, !dbg !20
  call void @"println <:String>"(%String %2), !dbg !20
  %3 = load %String, ptr %"$tmp0@4544", align 8, !dbg !20
  call void @destroy_string(%String %3), !dbg !20
  br label %return, !dbg !20

return:                                           ; preds = %0
  ret void
}

declare %String @"String from <:None>"()

declare void @"println <:String>"(%String)

declare void @destroy_string(%String)

define private void @initialize.3() !dbg !21 {
  %1 = call %Integer @"do something"(), !dbg !22
  store %Integer %1, ptr @"$tmp0@43", align 8, !dbg !22
  br label %return, !dbg !22

return:                                           ; preds = %0
  ret void
}

declare %Integer @"do something"()

define private void @initialize.4() !dbg !23 {
  %1 = load %Integer, ptr @"$tmp0@43", align 8, !dbg !24
  call void @"println <:Integer>"(%Integer %1), !dbg !24
  br label %return, !dbg !24

return:                                           ; preds = %0
  ret void
}

define private void @"println <:Integer>"(%Integer %0) !dbg !25 {
  %x = alloca %Integer, align 8
  store %Integer %0, ptr %x, align 8
  %2 = load %Integer, ptr %x, align 8, !dbg !26
  %3 = call %String @integer_as_string(%Integer %2), !dbg !26
  %"$tmp0@4544" = alloca %String, align 8, !dbg !26
  store %String %3, ptr %"$tmp0@4544", align 8, !dbg !26
  %4 = load %String, ptr %"$tmp0@4544", align 8, !dbg !26
  call void @"println <:String>"(%String %4), !dbg !26
  %5 = load %String, ptr %"$tmp0@4544", align 8, !dbg !26
  call void @destroy_string(%String %5), !dbg !26
  br label %return, !dbg !26

return:                                           ; preds = %1
  ret void
}

declare %String @integer_as_string(%Integer)

declare void @destroy_integer(%Integer)

!llvm.module.flags = !{!0}
!llvm.dbg.cu = !{!1}

!0 = !{i32 2, !"Debug Info Version", i32 3}
!1 = distinct !DICompileUnit(language: DW_LANG_C, file: !2, producer: "ppl", isOptimized: false, runtimeVersion: 0, emissionKind: FullDebug, splitDebugInlining: false, sysroot: "/")
!2 = !DIFile(filename: "src/main.ppl", directory: ".")
!3 = distinct !DISubprogram(name: "initialize", linkageName: "initialize", scope: !2, file: !2, line: 3, type: !4, spFlags: DISPFlagDefinition, unit: !1)
!4 = !DISubroutineType(types: !5)
!5 = !{!6}
!6 = !DIBasicType(name: "i32", size: 32, encoding: DW_ATE_signed)
!7 = !DILocation(line: 3, column: 22, scope: !3)
!8 = !DILocation(line: 0, scope: !3)
!9 = distinct !DISubprogram(name: "main.execute", linkageName: "main.execute", scope: !2, file: !2, type: !4, spFlags: DISPFlagDefinition, unit: !1)
!10 = !DILocation(line: 3, column: 22, scope: !9)
!11 = !DILocation(line: 2, column: 9, scope: !9)
!12 = !DILocation(line: 2, scope: !9)
!13 = !DILocation(line: 3, column: 9, scope: !9)
!14 = !DILocation(line: 3, scope: !9)
!15 = distinct !DISubprogram(name: "initialize.1", linkageName: "initialize.1", scope: !9, file: !2, line: 2, type: !4, spFlags: DISPFlagDefinition, unit: !1)
!16 = !DILocation(line: 2, column: 9, scope: !15)
!17 = distinct !DISubprogram(name: "initialize.2", linkageName: "initialize.2", scope: !9, file: !2, line: 2, type: !4, spFlags: DISPFlagDefinition, unit: !1)
!18 = !DILocation(line: 2, column: 9, scope: !17)
!19 = distinct !DISubprogram(name: "println <:None>", linkageName: "println <:None>", scope: !17, file: !2, line: 3, type: !4, spFlags: DISPFlagDefinition, unit: !1)
!20 = !DILocation(line: 3, column: 22, scope: !19)
!21 = distinct !DISubprogram(name: "initialize.3", linkageName: "initialize.3", scope: !9, file: !2, line: 3, type: !4, spFlags: DISPFlagDefinition, unit: !1)
!22 = !DILocation(line: 3, column: 9, scope: !21)
!23 = distinct !DISubprogram(name: "initialize.4", linkageName: "initialize.4", scope: !9, file: !2, line: 3, type: !4, spFlags: DISPFlagDefinition, unit: !1)
!24 = !DILocation(line: 3, column: 9, scope: !23)
!25 = distinct !DISubprogram(name: "println <:Integer>", linkageName: "println <:Integer>", scope: !23, file: !2, line: 3, type: !4, spFlags: DISPFlagDefinition, unit: !1)
!26 = !DILocation(line: 3, column: 22, scope: !25)
