---
source: src/tests/mod.rs
expression: hir
---
let x: Integer = 1

fn get x -> Integer:
	let $tmp@22: Integer = clone (x:Integer)
	return ($tmp@22:Integer)

let y: Integer = get x

fn get y -> Integer:
	let $tmp@51: Integer = clone (y:Integer)
	return ($tmp@51:Integer)

println clone (y:Integer)
destroy (x:Integer)
destroy (y:Integer)

==MONOMORPHIZED==


@mangle_as("integer_as_string")
fn String from <:Integer> -> String

fn<Integer> println <x: Integer> -> None:
	let $tmp@314: None = println String from (x:Integer)
	return ($tmp@314:None)
