---
source: src/tests/mod.rs
expression: hir
---
type Point:
	x: Integer
	y: Integer


fn x of <p: Reference<Point>> -> Integer:
	let $tmp@61: Integer = clone (*p:Point).x
	return ($tmp@61:Integer)

println x of (&Point { x: 1, y: 2 }:Reference<Point>)
