---
source: src/tests/mod.rs
expression: ir
---
; ModuleID = 'main'
source_filename = "src/main.ppl"

%"Type<String>" = type { ptr }
%"Type<String>Impl" = type { %String, %Integer }
%String = type { ptr }
%Integer = type { ptr }

@"Type<String>" = private global %"Type<String>" zeroinitializer
@0 = private unnamed_addr constant [7 x i8] c"String\00", align 1

define private void @initialize() !dbg !3 {
  %1 = alloca %"Type<String>", align 8, !dbg !7
  %"Type<String>.data" = getelementptr inbounds %"Type<String>", ptr %1, i32 0, i32 0, !dbg !7
  %"Type<String>.name" = getelementptr inbounds %"Type<String>Impl", ptr %"Type<String>.data", i32 0, i32 0, !dbg !7
  %2 = call %String @string_from_c_string_and_length(ptr @0, i64 6), !dbg !8
  store %String %2, ptr %"Type<String>.name", align 8, !dbg !8
  %"Type<String>.size" = getelementptr inbounds %"Type<String>Impl", ptr %"Type<String>.data", i32 0, i32 1, !dbg !8
  %3 = call %Integer @integer_from_i64(i64 8), !dbg !8
  store %Integer %3, ptr %"Type<String>.size", align 8, !dbg !8
  %4 = load %"Type<String>", ptr %1, align 8, !dbg !8
  store %"Type<String>" %4, ptr @"Type<String>", align 8, !dbg !8
  br label %return, !dbg !8

return:                                           ; preds = %0
  ret void
}

declare %String @string_from_c_string_and_length(ptr, i64)

declare %Integer @integer_from_i64(i64)

define void @main.execute() !dbg !9 {
  call void @initialize(), !dbg !10
  %1 = call %Integer @integer_from_i64(i64 2), !dbg !11
  %2 = call %Integer @"<:Integer> plus two"(%Integer %1), !dbg !11
  call void @"println <:Integer>"(%Integer %2), !dbg !11
  br label %return, !dbg !11

return:                                           ; preds = %0
  ret void
}

define %Integer @"<:Integer> plus two"(%Integer %0) !dbg !12 {
  %return_value = alloca %Integer, align 8
  %x = alloca %Integer, align 8
  store %Integer %0, ptr %x, align 8
  %2 = call %Integer @clone_integer(ptr %x), !dbg !13
  %3 = call %Integer @integer_from_i64(i64 2), !dbg !14
  %4 = call %Integer @"sum <:Integer> <:Integer>"(%Integer %2, %Integer %3), !dbg !14
  %"$tmp@28" = alloca %Integer, align 8, !dbg !14
  store %Integer %4, ptr %"$tmp@28", align 8, !dbg !14
  call void @destroy_integer(ptr %x), !dbg !15
  %5 = load %Integer, ptr %"$tmp@28", align 8, !dbg !16
  store %Integer %5, ptr %return_value, align 8, !dbg !16
  br label %return, !dbg !16

return:                                           ; preds = %1
  %6 = load %Integer, ptr %return_value, align 8
  ret %Integer %6
}

define %Integer @"sum <:Integer> <:Integer>"(%Integer %0, %Integer %1) !dbg !17 {
  %return_value = alloca %Integer, align 8
  %x = alloca %Integer, align 8
  store %Integer %0, ptr %x, align 8
  %y = alloca %Integer, align 8
  store %Integer %1, ptr %y, align 8
  %3 = call %Integer @clone_integer(ptr %x), !dbg !18
  %4 = call %Integer @clone_integer(ptr %y), !dbg !19
  %5 = call %Integer @integer_plus_integer(%Integer %3, %Integer %4), !dbg !19
  %"$tmp@84" = alloca %Integer, align 8, !dbg !19
  store %Integer %5, ptr %"$tmp@84", align 8, !dbg !19
  call void @destroy_integer(ptr %x), !dbg !20
  call void @destroy_integer(ptr %y), !dbg !21
  %6 = load %Integer, ptr %"$tmp@84", align 8, !dbg !18
  store %Integer %6, ptr %return_value, align 8, !dbg !18
  br label %return, !dbg !18

return:                                           ; preds = %2
  %7 = load %Integer, ptr %return_value, align 8
  ret %Integer %7
}

declare %Integer @clone_integer(ptr)

declare void @destroy_integer(ptr)

declare %Integer @"sum <:Integer> <:Integer>.1"(%Integer, %Integer)

declare %Integer @integer_plus_integer(%Integer, %Integer)

define private void @"println <:Integer>"(%Integer %0) !dbg !22 {
  %x = alloca %Integer, align 8
  store %Integer %0, ptr %x, align 8
  %2 = load %Integer, ptr %x, align 8, !dbg !23
  %3 = call %String @integer_as_string(%Integer %2), !dbg !23
  call void @"println <:String>"(%String %3), !dbg !23
  br label %return, !dbg !23

return:                                           ; preds = %1
  ret void
}

declare void @"println <:String>"(%String)

declare %String @integer_as_string(%Integer)

!llvm.module.flags = !{!0}
!llvm.dbg.cu = !{!1}

!0 = !{i32 2, !"Debug Info Version", i32 3}
!1 = distinct !DICompileUnit(language: DW_LANG_C, file: !2, producer: "ppl", isOptimized: false, runtimeVersion: 0, emissionKind: FullDebug, splitDebugInlining: false, sysroot: "/")
!2 = !DIFile(filename: "src/main.ppl", directory: ".")
!3 = distinct !DISubprogram(name: "initialize", linkageName: "initialize", scope: !2, file: !2, line: 4, type: !4, spFlags: DISPFlagDefinition, unit: !1)
!4 = !DISubroutineType(types: !5)
!5 = !{!6}
!6 = !DIBasicType(name: "i32", size: 32, encoding: DW_ATE_signed)
!7 = !DILocation(line: 4, column: 20, scope: !3)
!8 = !DILocation(line: 0, scope: !3)
!9 = distinct !DISubprogram(name: "main.execute", linkageName: "main.execute", scope: !2, file: !2, type: !4, spFlags: DISPFlagDefinition, unit: !1)
!10 = !DILocation(line: 4, column: 20, scope: !9)
!11 = !DILocation(line: 4, column: 9, scope: !9)
!12 = distinct !DISubprogram(name: "<:Integer> plus two", linkageName: "<:Integer> plus two", scope: !9, file: !2, type: !4, spFlags: DISPFlagDefinition, unit: !1)
!13 = !DILocation(line: 0, column: 32, scope: !12)
!14 = !DILocation(line: 0, column: 34, scope: !12)
!15 = !DILocation(line: 0, column: 3, scope: !12)
!16 = !DILocation(line: 0, column: 28, scope: !12)
!17 = distinct !DISubprogram(name: "sum <:Integer> <:Integer>", linkageName: "sum <:Integer> <:Integer>", scope: !9, file: !2, line: 2, type: !4, spFlags: DISPFlagDefinition, unit: !1)
!18 = !DILocation(line: 2, column: 47, scope: !17)
!19 = !DILocation(line: 2, column: 51, scope: !17)
!20 = !DILocation(line: 2, column: 7, scope: !17)
!21 = !DILocation(line: 2, column: 20, scope: !17)
!22 = distinct !DISubprogram(name: "println <:Integer>", linkageName: "println <:Integer>", scope: !9, file: !2, line: 4, type: !4, spFlags: DISPFlagDefinition, unit: !1)
!23 = !DILocation(line: 4, column: 20, scope: !22)
