---
source: src/tests/mod.rs
expression: err
---
Error: semantics::type_mismatch

  × expected `Integer` type, got `String`

Error:   × Integer
   ╭─[main.ppl:2:2]
 1 │ type Point:
 2 │     x: Integer
   ·     ┬
   ·     ╰── this has `Integer` type
 3 │ 
   ╰────
Error:   × String
   ╭─[main.ppl:4:12]
 3 │ 
 4 │ Point { x: "" }
   ·            ─┬
   ·             ╰── this has `String` type
   ╰────
