---
source: src/tests/mod.rs
expression: hir
---
fn foo <$arg0: Reference<None>> -> None:
	let $tmp@19: None = `println <:String>`("foo")
	return ($tmp@19:None)

let x: None = none
`foo <:Reference<None>>`((&x:Reference<None>))
