---
source: src/tests/mod.rs
expression: hir
---
trait Test:
	fn required <$arg0: Self> -> None

	fn default <x: Self> -> Self:
		let $tmp@59: Self = (copy x:Self)
		return ($tmp@59:Self)




fn required <x: Integer> -> None:
	`destroy <:ReferenceMut<Integer>>`((x:Integer))
	return none

let res: Integer = `default <:Integer>`(1)
`println <:Integer>`(`clone <:Reference<Integer>>`((res:Integer)))
`destroy <:ReferenceMut<Integer>>`((res:Integer))

==MONOMORPHIZED==


fn default <x: Integer> -> Integer:
	let $tmp@59: Integer = (copy x:Integer)
	return ($tmp@59:Integer)



@mangle_as("integer_as_string")
fn String from <$arg0: Integer> -> String

fn println <x: Integer> -> None:
	let $tmp@176: None = `println <:String>`(`String from <:Integer>`((copy x:Integer)))
	return ($tmp@176:None)
