---
source: src/ir/tests/mod.rs
expression: run_log
---
Integer
