---
source: src/driver/tests/mod.rs
expression: ir
---
; ModuleID = 'multifile'
source_filename = "multifile.ppl"

%String = type { ptr }

@0 = private unnamed_addr constant [6 x i8] c"World\00", align 1

define void @multifile.execute() !dbg !3 {
  %1 = call %String @string_from_c_string_and_length(ptr @0, i64 5), !dbg !7
  call void @"greet <:String>"(%String %1), !dbg !7
  br label %return, !dbg !7

return:                                           ; preds = %0
  ret void
}

declare void @"greet <:String>"(%String)

declare %String @string_from_c_string_and_length(ptr, i64)

!llvm.module.flags = !{!0}
!llvm.dbg.cu = !{!1}

!0 = !{i32 2, !"Debug Info Version", i32 3}
!1 = distinct !DICompileUnit(language: DW_LANG_C, file: !2, producer: "ppl", isOptimized: false, runtimeVersion: 0, emissionKind: FullDebug, splitDebugInlining: false, sysroot: "/")
!2 = !DIFile(filename: "multifile.ppl", directory: ".")
!3 = distinct !DISubprogram(name: "multifile.execute", linkageName: "multifile.execute", scope: !2, file: !2, type: !4, spFlags: DISPFlagDefinition, unit: !1)
!4 = !DISubroutineType(types: !5)
!5 = !{!6}
!6 = !DIBasicType(name: "i32", size: 32, encoding: DW_ATE_signed)
!7 = !DILocation(line: 2, column: 6, scope: !3)
